00:00 +0: loading /Users/jelanithomas/Documents/Development/sweatpals/sweat_pals/test/widget_test.dart                                                                                                 00:01 +0: loading /Users/jelanithomas/Documents/Development/sweatpals/sweat_pals/test/widget_test.dart                                                                                                 00:01 +0: Tracking Screen renders correctly                                                                                                                                                            00:02 +0: Tracking Screen renders correctly                                                                                                                                                            00:03 +0: Tracking Screen renders correctly                                                                                                                                                            00:03 +0: Tracking Screen renders correctly                                                                                                                                                            
══╡ EXCEPTION CAUGHT BY FLUTTER TEST FRAMEWORK ╞════════════════════════════════════════════════════
The following assertion was thrown running a test:
pumpAndSettle timed out

When the exception was thrown, this was the stack:
#0      WidgetTester.pumpAndSettle.<anonymous closure> (package:flutter_test/src/widget_tester.dart:717:11)
<asynchronous suspension>
#1      TestAsyncUtils.guard.<anonymous closure> (package:flutter_test/src/test_async_utils.dart:130:27)
<asynchronous suspension>
#2      main.<anonymous closure> (file:///Users/jelanithomas/Documents/Development/sweatpals/sweat_pals/test/widget_test.dart:67:5)
<asynchronous suspension>
#3      testWidgets.<anonymous closure>.<anonymous closure> (package:flutter_test/src/widget_tester.dart:192:15)
<asynchronous suspension>
#4      TestWidgetsFlutterBinding._runTestBody (package:flutter_test/src/binding.dart:1059:5)
<asynchronous suspension>
<asynchronous suspension>
(elided one frame from package:stack_trace)

The test description was:
  Tracking Screen renders correctly
════════════════════════════════════════════════════════════════════════════════════════════════════
00:03 +0 -1: Tracking Screen renders correctly [E]                                                                                                                                                     
  Test failed. See exception logs above.
  The test description was: Tracking Screen renders correctly
  

To run this test again: /opt/homebrew/share/flutter/bin/cache/dart-sdk/bin/dart test /Users/jelanithomas/Documents/Development/sweatpals/sweat_pals/test/widget_test.dart -p vm --plain-name 'Tracking Screen renders correctly'
00:03 +0 -1: Some tests failed.                                                                                                                                                                        
